
> frontend@0.1.0 build
> next build

node.exe : ΓÜá Warning: Next.js inferred your workspace root, but it may not be correct.
At line:1 char:1
+ & "C:\Program Files\nodejs/node.exe" "C:\Program Files\nodejs/node_mo ...
+ ~~~~~~~~~~~~~~~~~~~~~~~~~~~~~~~~~~~~~~~~~~~~~~~~~~~~~~~~~~~~~~~~~~~~~
    + CategoryInfo          : NotSpecified: (ΓÜá Warning: Ne...not be correct.:String) [], RemoteException
    + FullyQualifiedErrorId : NativeCommandError
 
 We detected multiple lockfiles and selected the directory of C:\Users\user\package-lock.json as the root directory.
 To silence this warning, set `turbopack.root` in your Next.js config, or consider removing one of the lockfiles if 
it's not needed.
   See https://nextjs.org/docs/app/api-reference/config/next-config-js/turbopack#root-directory for more information.
 Detected additional lockfiles: 
   * C:\Users\user\OneDrive\Desktop\Koinx\frontend\package-lock.json

Γû▓ Next.js 16.2.4 (Turbopack)

  Creating an optimized production build ...
Error: Can't resolve 'tailwindcss-animate' in 'C:\Users\user\OneDrive\Desktop\Koinx\frontend\src\app'
    [2m[at finishWithoutResolve 
(C:\Users\user\OneDrive\Desktop\Koinx\frontend\node_modules\enhanced-resolve\lib\Resolver.js:587:18)][0m
    [2m[at C:\Users\user\OneDrive\Desktop\Koinx\frontend\node_modules\enhanced-resolve\lib\Resolver.js:679:14][0m
    [2m[at C:\Users\user\OneDrive\Desktop\Koinx\frontend\node_modules\enhanced-resolve\lib\Resolver.js:740:5][0m
    [2m[at eval (eval at create 
(C:\Users\user\OneDrive\Desktop\Koinx\frontend\node_modules\tapable\lib\HookCodeFactory.js:31:10), 
<anonymous>:15:1)][0m
    [2m[at C:\Users\user\OneDrive\Desktop\Koinx\frontend\node_modules\enhanced-resolve\lib\Resolver.js:740:5][0m
    [2m[at eval (eval at create 
(C:\Users\user\OneDrive\Desktop\Koinx\frontend\node_modules\tapable\lib\HookCodeFactory.js:31:10), 
<anonymous>:27:1)][0m
    [2m[at 
C:\Users\user\OneDrive\Desktop\Koinx\frontend\node_modules\enhanced-resolve\lib\DescriptionFilePlugin.js:89:43][0m
    [2m[at C:\Users\user\OneDrive\Desktop\Koinx\frontend\node_modules\enhanced-resolve\lib\Resolver.js:740:5][0m
    [2m[at eval (eval at create 
(C:\Users\user\OneDrive\Desktop\Koinx\frontend\node_modules\tapable\lib\HookCodeFactory.js:31:10), 
<anonymous>:15:1)][0m
    [2m[at C:\Users\user\OneDrive\Desktop\Koinx\frontend\node_modules\enhanced-resolve\lib\Resolver.js:740:5][0m {
  details: "resolve 'tailwindcss-animate' in 'C:\\Users\\user\\OneDrive\\Desktop\\Koinx\\frontend\\src\\app'\n" +
    '  Parsed request is a module\n' +
    '  using description file: C:\\Users\\user\\OneDrive\\Desktop\\Koinx\\frontend\\package.json (relative path: 
./src/app)\n' +
    '    resolve as module\n' +
    "      C:\\Users\\user\\OneDrive\\Desktop\\Koinx\\frontend\\src\\app\\node_modules doesn't exist or is not a 
directory\n" +
    "      C:\\Users\\user\\OneDrive\\Desktop\\Koinx\\frontend\\src\\node_modules doesn't exist or is not a 
directory\n" +
    '      looking for modules in C:\\Users\\user\\OneDrive\\Desktop\\Koinx\\frontend\\node_modules\n' +
    '        single file module\n' +
    '          using description file: C:\\Users\\user\\OneDrive\\Desktop\\Koinx\\frontend\\package.json (relative 
path: ./node_modules/tailwindcss-animate)\n' +
    '            no extension\n' +
    "              C:\\Users\\user\\OneDrive\\Desktop\\Koinx\\frontend\\node_modules\\tailwindcss-animate doesn't 
exist\n" +
    '            .js\n' +
    "              C:\\Users\\user\\OneDrive\\Desktop\\Koinx\\frontend\\node_modules\\tailwindcss-animate.js doesn't 
exist\n" +
    '            .json\n' +
    "              C:\\Users\\user\\OneDrive\\Desktop\\Koinx\\frontend\\node_modules\\tailwindcss-animate.json doesn't 
exist\n" +
    '            .node\n' +
    "              C:\\Users\\user\\OneDrive\\Desktop\\Koinx\\frontend\\node_modules\\tailwindcss-animate.node doesn't 
exist\n" +
    '            .ts\n' +
    "              C:\\Users\\user\\OneDrive\\Desktop\\Koinx\\frontend\\node_modules\\tailwindcss-animate.ts doesn't 
exist\n" +
    "        C:\\Users\\user\\OneDrive\\Desktop\\Koinx\\frontend\\node_modules\\tailwindcss-animate doesn't exist\n" +
    "      C:\\Users\\user\\OneDrive\\Desktop\\Koinx\\node_modules doesn't exist or is not a directory\n" +
    "      C:\\Users\\user\\OneDrive\\Desktop\\node_modules doesn't exist or is not a directory\n" +
    "      C:\\Users\\user\\OneDrive\\node_modules doesn't exist or is not a directory\n" +
    '      looking for modules in C:\\Users\\user\\node_modules\n' +
    '        single file module\n' +
    '          using description file: C:\\Users\\user\\package.json (relative path: 
./node_modules/tailwindcss-animate)\n' +
    '            no extension\n' +
    "              C:\\Users\\user\\node_modules\\tailwindcss-animate doesn't exist\n" +
    '            .js\n' +
    "              C:\\Users\\user\\node_modules\\tailwindcss-animate.js doesn't exist\n" +
    '            .json\n' +
    "              C:\\Users\\user\\node_modules\\tailwindcss-animate.json doesn't exist\n" +
    '            .node\n' +
    "              C:\\Users\\user\\node_modules\\tailwindcss-animate.node doesn't exist\n" +
    '            .ts\n' +
    "              C:\\Users\\user\\node_modules\\tailwindcss-animate.ts doesn't exist\n" +
    "        C:\\Users\\user\\node_modules\\tailwindcss-animate doesn't exist\n" +
    "      C:\\Users\\node_modules doesn't exist or is not a directory\n" +
    "      C:\\node_modules doesn't exist or is not a directory"
}

> Build error occurred
Error: Turbopack build failed with 1 errors:
./OneDrive/Desktop/Koinx/frontend/src/app/globals.css
Error evaluating Node.js code
CssSyntaxError: tailwindcss: C:\Users\user\OneDrive\Desktop\Koinx\frontend\src\app\globals.css:1:1: Can't resolve 
'tailwindcss-animate' in 'C:\Users\user\OneDrive\Desktop\Koinx\frontend\src\app'
    at Input.error (OneDrive/Desktop/Koinx/frontend/node_modules/postcss/lib/input.js:135:16) 
[C:\Users\user\OneDrive\Desktop\Koinx\frontend\.next\build\chunks\0riu_10-4koh._.js:4667:22]
    at error (OneDrive/Desktop/Koinx/frontend/node_modules/postcss/lib/node.js:146:32) 
[C:\Users\user\OneDrive\Desktop\Koinx\frontend\.next\build\chunks\0riu_10-4koh._.js:943:38]
    [at Object.Once 
(C:\Users\user\OneDrive\Desktop\Koinx\frontend\node_modules\@tailwindcss\postcss\dist\index.js:10:6913)]
    at async LazyResult.runAsync (OneDrive/Desktop/Koinx/frontend/node_modules/postcss/lib/lazy-result.js:293:11) 
[C:\Users\user\OneDrive\Desktop\Koinx\frontend\.next\build\chunks\0riu_10-4koh._.js:6230:21]
    at async transform (turbopack:///[turbopack-node]/transforms/postcss.ts:70:34) 
[C:\Users\user\OneDrive\Desktop\Koinx\frontend\.next\build\chunks\[root-of-the-server]__0t_z2nn._.js:146:36]
    at async run (turbopack:///[turbopack-node]/child_process/evaluate.ts:89:23) 
[C:\Users\user\OneDrive\Desktop\Koinx\frontend\.next\build\chunks\[root-of-the-server]__0yd.-oi._.js:443:31]

Import trace:
  Client Component Browser:
    ./OneDrive/Desktop/Koinx/frontend/src/app/globals.css [Client Component Browser]
    ./OneDrive/Desktop/Koinx/frontend/src/app/layout.tsx [Server Component]


    at async transform (turbopack:///[turbopack-node]/transforms/postcss.ts:70:34) 
[C:\Users\user\OneDrive\Desktop\Koinx\frontend\.next\build\chunks\[root-of-the-server]__0t_z2nn._.js:146:36])
    at async run (turbopack:///[turbopack-node]/child_process/evaluate.ts:89:23) 
[C:\Users\user\OneDrive\Desktop\Koinx\frontend\.next\build\chunks\[root-of-the-server]__0yd.-oi._.js:443:31])
